Analysis & Synthesis report for rambod_azimi_VHDL4
Thu Feb 24 19:21:17 2022
Quartus Prime Version 16.1.0 Build 196 10/24/2016 SJ Lite Edition


---------------------
; Table of Contents ;
---------------------
  1. Legal Notice
  2. Analysis & Synthesis Summary
  3. Analysis & Synthesis Settings
  4. Parallel Compilation
  5. Analysis & Synthesis Source Files Read
  6. Analysis & Synthesis Resource Usage Summary
  7. Analysis & Synthesis Resource Utilization by Entity
  8. General Register Statistics
  9. Port Connectivity Checks: "rambod_azimi_seven_segment_decoder:LED4"
 10. Post-Synthesis Netlist Statistics for Top Partition
 11. Elapsed Time Per Partition
 12. Analysis & Synthesis Messages



----------------
; Legal Notice ;
----------------
Copyright (C) 2016  Intel Corporation. All rights reserved.
Your use of Intel Corporation's design tools, logic functions 
and other software and tools, and its AMPP partner logic 
functions, and any output files from any of the foregoing 
(including device programming or simulation files), and any 
associated documentation or information are expressly subject 
to the terms and conditions of the Intel Program License 
Subscription Agreement, the Intel Quartus Prime License Agreement,
the Intel MegaCore Function License Agreement, or other 
applicable license agreement, including, without limitation, 
that your use is for the sole purpose of programming logic 
devices manufactured by Intel and sold by Intel or its 
authorized distributors.  Please refer to the applicable 
agreement for further details.



+-------------------------------------------------------------------------------+
; Analysis & Synthesis Summary                                                  ;
+---------------------------------+---------------------------------------------+
; Analysis & Synthesis Status     ; Successful - Thu Feb 24 19:21:16 2022       ;
; Quartus Prime Version           ; 16.1.0 Build 196 10/24/2016 SJ Lite Edition ;
; Revision Name                   ; rambod_azimi_VHDL4                          ;
; Top-level Entity Name           ; rambod_azimi_wrapper                        ;
; Family                          ; Cyclone V                                   ;
; Logic utilization (in ALMs)     ; N/A                                         ;
; Total registers                 ; 0                                           ;
; Total pins                      ; 36                                          ;
; Total virtual pins              ; 0                                           ;
; Total block memory bits         ; 0                                           ;
; Total DSP Blocks                ; 0                                           ;
; Total HSSI RX PCSs              ; 0                                           ;
; Total HSSI PMA RX Deserializers ; 0                                           ;
; Total HSSI TX PCSs              ; 0                                           ;
; Total HSSI PMA TX Serializers   ; 0                                           ;
; Total PLLs                      ; 0                                           ;
; Total DLLs                      ; 0                                           ;
+---------------------------------+---------------------------------------------+


+-----------------------------------------------------------------------------------------------------------------------------+
; Analysis & Synthesis Settings                                                                                               ;
+---------------------------------------------------------------------------------+----------------------+--------------------+
; Option                                                                          ; Setting              ; Default Value      ;
+---------------------------------------------------------------------------------+----------------------+--------------------+
; Device                                                                          ; 5CSEMA5F31C6         ;                    ;
; Top-level entity name                                                           ; rambod_azimi_wrapper ; rambod_azimi_VHDL4 ;
; Family name                                                                     ; Cyclone V            ; Cyclone V          ;
; Use smart compilation                                                           ; Off                  ; Off                ;
; Enable parallel Assembler and TimeQuest Timing Analyzer during compilation      ; On                   ; On                 ;
; Enable compact report table                                                     ; Off                  ; Off                ;
; Restructure Multiplexers                                                        ; Auto                 ; Auto               ;
; MLAB Add Timing Constraints For Mixed-Port Feed-Through Mode Setting Don't Care ; Off                  ; Off                ;
; Create Debugging Nodes for IP Cores                                             ; Off                  ; Off                ;
; Preserve fewer node names                                                       ; On                   ; On                 ;
; OpenCore Plus hardware evaluation                                               ; Enable               ; Enable             ;
; Verilog Version                                                                 ; Verilog_2001         ; Verilog_2001       ;
; VHDL Version                                                                    ; VHDL_1993            ; VHDL_1993          ;
; State Machine Processing                                                        ; Auto                 ; Auto               ;
; Safe State Machine                                                              ; Off                  ; Off                ;
; Extract Verilog State Machines                                                  ; On                   ; On                 ;
; Extract VHDL State Machines                                                     ; On                   ; On                 ;
; Ignore Verilog initial constructs                                               ; Off                  ; Off                ;
; Iteration limit for constant Verilog loops                                      ; 5000                 ; 5000               ;
; Iteration limit for non-constant Verilog loops                                  ; 250                  ; 250                ;
; Add Pass-Through Logic to Inferred RAMs                                         ; On                   ; On                 ;
; Infer RAMs from Raw Logic                                                       ; On                   ; On                 ;
; Parallel Synthesis                                                              ; On                   ; On                 ;
; DSP Block Balancing                                                             ; Auto                 ; Auto               ;
; NOT Gate Push-Back                                                              ; On                   ; On                 ;
; Power-Up Don't Care                                                             ; On                   ; On                 ;
; Remove Redundant Logic Cells                                                    ; Off                  ; Off                ;
; Remove Duplicate Registers                                                      ; On                   ; On                 ;
; Ignore CARRY Buffers                                                            ; Off                  ; Off                ;
; Ignore CASCADE Buffers                                                          ; Off                  ; Off                ;
; Ignore GLOBAL Buffers                                                           ; Off                  ; Off                ;
; Ignore ROW GLOBAL Buffers                                                       ; Off                  ; Off                ;
; Ignore LCELL Buffers                                                            ; Off                  ; Off                ;
; Ignore SOFT Buffers                                                             ; On                   ; On                 ;
; Limit AHDL Integers to 32 Bits                                                  ; Off                  ; Off                ;
; Optimization Technique                                                          ; Balanced             ; Balanced           ;
; Carry Chain Length                                                              ; 70                   ; 70                 ;
; Auto Carry Chains                                                               ; On                   ; On                 ;
; Auto Open-Drain Pins                                                            ; On                   ; On                 ;
; Perform WYSIWYG Primitive Resynthesis                                           ; Off                  ; Off                ;
; Auto ROM Replacement                                                            ; On                   ; On                 ;
; Auto RAM Replacement                                                            ; On                   ; On                 ;
; Auto DSP Block Replacement                                                      ; On                   ; On                 ;
; Auto Shift Register Replacement                                                 ; Auto                 ; Auto               ;
; Allow Shift Register Merging across Hierarchies                                 ; Auto                 ; Auto               ;
; Auto Clock Enable Replacement                                                   ; On                   ; On                 ;
; Strict RAM Replacement                                                          ; Off                  ; Off                ;
; Allow Synchronous Control Signals                                               ; On                   ; On                 ;
; Force Use of Synchronous Clear Signals                                          ; Off                  ; Off                ;
; Auto Resource Sharing                                                           ; Off                  ; Off                ;
; Allow Any RAM Size For Recognition                                              ; Off                  ; Off                ;
; Allow Any ROM Size For Recognition                                              ; Off                  ; Off                ;
; Allow Any Shift Register Size For Recognition                                   ; Off                  ; Off                ;
; Use LogicLock Constraints during Resource Balancing                             ; On                   ; On                 ;
; Ignore translate_off and synthesis_off directives                               ; Off                  ; Off                ;
; Timing-Driven Synthesis                                                         ; On                   ; On                 ;
; Report Parameter Settings                                                       ; On                   ; On                 ;
; Report Source Assignments                                                       ; On                   ; On                 ;
; Report Connectivity Checks                                                      ; On                   ; On                 ;
; Ignore Maximum Fan-Out Assignments                                              ; Off                  ; Off                ;
; Synchronization Register Chain Length                                           ; 3                    ; 3                  ;
; PowerPlay Power Optimization During Synthesis                                   ; Normal compilation   ; Normal compilation ;
; HDL message level                                                               ; Level2               ; Level2             ;
; Suppress Register Optimization Related Messages                                 ; Off                  ; Off                ;
; Number of Removed Registers Reported in Synthesis Report                        ; 5000                 ; 5000               ;
; Number of Swept Nodes Reported in Synthesis Report                              ; 5000                 ; 5000               ;
; Number of Inverted Registers Reported in Synthesis Report                       ; 100                  ; 100                ;
; Clock MUX Protection                                                            ; On                   ; On                 ;
; Auto Gated Clock Conversion                                                     ; Off                  ; Off                ;
; Block Design Naming                                                             ; Auto                 ; Auto               ;
; SDC constraint protection                                                       ; Off                  ; Off                ;
; Synthesis Effort                                                                ; Auto                 ; Auto               ;
; Shift Register Replacement - Allow Asynchronous Clear Signal                    ; On                   ; On                 ;
; Pre-Mapping Resynthesis Optimization                                            ; Off                  ; Off                ;
; Analysis & Synthesis Message Level                                              ; Medium               ; Medium             ;
; Disable Register Merging Across Hierarchies                                     ; Auto                 ; Auto               ;
; Resource Aware Inference For Block RAM                                          ; On                   ; On                 ;
; Automatic Parallel Synthesis                                                    ; On                   ; On                 ;
; Partial Reconfiguration Bitstream ID                                            ; Off                  ; Off                ;
+---------------------------------------------------------------------------------+----------------------+--------------------+


+------------------------------------------+
; Parallel Compilation                     ;
+----------------------------+-------------+
; Processors                 ; Number      ;
+----------------------------+-------------+
; Number detected on machine ; 8           ;
; Maximum allowed            ; 8           ;
;                            ;             ;
; Average used               ; 1.00        ;
; Maximum used               ; 1           ;
;                            ;             ;
; Usage by Processor         ; % Time Used ;
;     Processor 1            ; 100.0%      ;
+----------------------------+-------------+


+---------------------------------------------------------------------------------------------------------------------------------------------------------+
; Analysis & Synthesis Source Files Read                                                                                                                  ;
+----------------------------------------+-----------------+-----------------+------------------------------------------------------------------+---------+
; File Name with User-Entered Path       ; Used in Netlist ; File Type       ; File Name with Absolute Path                                     ; Library ;
+----------------------------------------+-----------------+-----------------+------------------------------------------------------------------+---------+
; rambod_azimi_seven_segment_decoder.vhd ; yes             ; User VHDL File  ; P:/VHDL Assignments/VHDL4/rambod_azimi_seven_segment_decoder.vhd ;         ;
; rambod_azimi_wrapper.vhd               ; yes             ; User VHDL File  ; P:/VHDL Assignments/VHDL4/rambod_azimi_wrapper.vhd               ;         ;
; rambod_azimi_bcd_adder_behavioral.vhd  ; yes             ; User VHDL File  ; P:/VHDL Assignments/VHDL4/rambod_azimi_bcd_adder_behavioral.vhd  ;         ;
+----------------------------------------+-----------------+-----------------+------------------------------------------------------------------+---------+


+----------------------------------------------------------------------------------------------+
; Analysis & Synthesis Resource Usage Summary                                                  ;
+---------------------------------------------+------------------------------------------------+
; Resource                                    ; Usage                                          ;
+---------------------------------------------+------------------------------------------------+
; Estimate of Logic utilization (ALMs needed) ; 15                                             ;
;                                             ;                                                ;
; Combinational ALUT usage for logic          ; 30                                             ;
;     -- 7 input functions                    ; 0                                              ;
;     -- 6 input functions                    ; 0                                              ;
;     -- 5 input functions                    ; 0                                              ;
;     -- 4 input functions                    ; 25                                             ;
;     -- <=3 input functions                  ; 5                                              ;
;                                             ;                                                ;
; Dedicated logic registers                   ; 0                                              ;
;                                             ;                                                ;
; I/O pins                                    ; 36                                             ;
;                                             ;                                                ;
; Total DSP Blocks                            ; 0                                              ;
;                                             ;                                                ;
; Maximum fan-out node                        ; rambod_azimi_bcd_adder_behavioral:BCD1|Add0~17 ;
; Maximum fan-out                             ; 8                                              ;
; Total fan-out                               ; 173                                            ;
; Average fan-out                             ; 1.70                                           ;
+---------------------------------------------+------------------------------------------------+


+---------------------------------------------------------------------------------------------------------------------------------------------------------------------------------------------------------------------------------------------------------------------------+
; Analysis & Synthesis Resource Utilization by Entity                                                                                                                                                                                                                       ;
+----------------------------------------------+---------------------+---------------------------+-------------------+------------+------+--------------+---------------------------------------------------------------+------------------------------------+--------------+
; Compilation Hierarchy Node                   ; Combinational ALUTs ; Dedicated Logic Registers ; Block Memory Bits ; DSP Blocks ; Pins ; Virtual Pins ; Full Hierarchy Name                                           ; Entity Name                        ; Library Name ;
+----------------------------------------------+---------------------+---------------------------+-------------------+------------+------+--------------+---------------------------------------------------------------+------------------------------------+--------------+
; |rambod_azimi_wrapper                        ; 30 (0)              ; 0 (0)                     ; 0                 ; 0          ; 36   ; 0            ; |rambod_azimi_wrapper                                         ; rambod_azimi_wrapper               ; work         ;
;    |rambod_azimi_bcd_adder_behavioral:BCD1|  ; 9 (9)               ; 0 (0)                     ; 0                 ; 0          ; 0    ; 0            ; |rambod_azimi_wrapper|rambod_azimi_bcd_adder_behavioral:BCD1  ; rambod_azimi_bcd_adder_behavioral  ; work         ;
;    |rambod_azimi_seven_segment_decoder:LED1| ; 7 (7)               ; 0 (0)                     ; 0                 ; 0          ; 0    ; 0            ; |rambod_azimi_wrapper|rambod_azimi_seven_segment_decoder:LED1 ; rambod_azimi_seven_segment_decoder ; work         ;
;    |rambod_azimi_seven_segment_decoder:LED2| ; 7 (7)               ; 0 (0)                     ; 0                 ; 0          ; 0    ; 0            ; |rambod_azimi_wrapper|rambod_azimi_seven_segment_decoder:LED2 ; rambod_azimi_seven_segment_decoder ; work         ;
;    |rambod_azimi_seven_segment_decoder:LED3| ; 7 (7)               ; 0 (0)                     ; 0                 ; 0          ; 0    ; 0            ; |rambod_azimi_wrapper|rambod_azimi_seven_segment_decoder:LED3 ; rambod_azimi_seven_segment_decoder ; work         ;
+----------------------------------------------+---------------------+---------------------------+-------------------+------------+------+--------------+---------------------------------------------------------------+------------------------------------+--------------+
Note: For table entries with two numbers listed, the numbers in parentheses indicate the number of resources of the given type used by the specific entity alone. The numbers listed outside of parentheses indicate the total resources of the given type used by the specific entity and all of its sub-entities in the hierarchy.


+------------------------------------------------------+
; General Register Statistics                          ;
+----------------------------------------------+-------+
; Statistic                                    ; Value ;
+----------------------------------------------+-------+
; Total registers                              ; 0     ;
; Number of registers using Synchronous Clear  ; 0     ;
; Number of registers using Synchronous Load   ; 0     ;
; Number of registers using Asynchronous Clear ; 0     ;
; Number of registers using Asynchronous Load  ; 0     ;
; Number of registers using Clock Enable       ; 0     ;
; Number of registers using Preset             ; 0     ;
+----------------------------------------------+-------+


+---------------------------------------------------------------------+
; Port Connectivity Checks: "rambod_azimi_seven_segment_decoder:LED4" ;
+------------+-------+----------+-------------------------------------+
; Port       ; Type  ; Severity ; Details                             ;
+------------+-------+----------+-------------------------------------+
; code[3..1] ; Input ; Info     ; Stuck at GND                        ;
+------------+-------+----------+-------------------------------------+


+-----------------------------------------------------+
; Post-Synthesis Netlist Statistics for Top Partition ;
+-----------------------+-----------------------------+
; Type                  ; Count                       ;
+-----------------------+-----------------------------+
; arriav_lcell_comb     ; 36                          ;
;     arith             ; 5                           ;
;         0 data inputs ; 1                           ;
;         2 data inputs ; 4                           ;
;     normal            ; 31                          ;
;         0 data inputs ; 2                           ;
;         1 data inputs ; 4                           ;
;         4 data inputs ; 25                          ;
; boundary_port         ; 36                          ;
;                       ;                             ;
; Max LUT depth         ; 4.40                        ;
; Average LUT depth     ; 2.93                        ;
+-----------------------+-----------------------------+


+-------------------------------+
; Elapsed Time Per Partition    ;
+----------------+--------------+
; Partition Name ; Elapsed Time ;
+----------------+--------------+
; Top            ; 00:00:02     ;
+----------------+--------------+


+-------------------------------+
; Analysis & Synthesis Messages ;
+-------------------------------+
Info: *******************************************************************
Info: Running Quartus Prime Analysis & Synthesis
    Info: Version 16.1.0 Build 196 10/24/2016 SJ Lite Edition
    Info: Processing started: Thu Feb 24 19:20:58 2022
Info: Command: quartus_map --read_settings_files=on --write_settings_files=off rambod_azimi_VHDL4 -c rambod_azimi_VHDL4
Warning (18236): Number of processors has not been specified which may cause overloading on shared machines.  Set the global assignment NUM_PARALLEL_PROCESSORS in your QSF to an appropriate value for best performance.
Info (20030): Parallel compilation is enabled and will use 8 of the 8 processors detected
Info (12021): Found 2 design units, including 1 entities, in source file rambod_azimi_seven_segment_decoder.vhd
    Info (12022): Found design unit 1: rambod_azimi_seven_segment_decoder-decoder File: P:/VHDL Assignments/VHDL4/rambod_azimi_seven_segment_decoder.vhd Line: 10
    Info (12023): Found entity 1: rambod_azimi_seven_segment_decoder File: P:/VHDL Assignments/VHDL4/rambod_azimi_seven_segment_decoder.vhd Line: 5
Info (12021): Found 2 design units, including 1 entities, in source file rambod_azimi_wrapper.vhd
    Info (12022): Found design unit 1: rambod_azimi_wrapper-wrapper File: P:/VHDL Assignments/VHDL4/rambod_azimi_wrapper.vhd Line: 13
    Info (12023): Found entity 1: rambod_azimi_wrapper File: P:/VHDL Assignments/VHDL4/rambod_azimi_wrapper.vhd Line: 5
Info (12021): Found 2 design units, including 1 entities, in source file rambod_azimi_bcd_adder_behavioral.vhd
    Info (12022): Found design unit 1: rambod_azimi_bcd_adder_behavioral-bcd File: P:/VHDL Assignments/VHDL4/rambod_azimi_bcd_adder_behavioral.vhd Line: 14
    Info (12023): Found entity 1: rambod_azimi_bcd_adder_behavioral File: P:/VHDL Assignments/VHDL4/rambod_azimi_bcd_adder_behavioral.vhd Line: 5
Info (12021): Found 2 design units, including 1 entities, in source file rambod_azimi_full_adder_structural.vhd
    Info (12022): Found design unit 1: rambod_azimi_full_adder_structural-fulladder File: P:/VHDL Assignments/VHDL4/rambod_azimi_full_adder_structural.vhd Line: 15
    Info (12023): Found entity 1: rambod_azimi_full_adder_structural File: P:/VHDL Assignments/VHDL4/rambod_azimi_full_adder_structural.vhd Line: 5
Info (12021): Found 2 design units, including 1 entities, in source file rambod_azimi_half_adder_structural.vhd
    Info (12022): Found design unit 1: rambod_azimi_half_adder_structural-halfadder File: P:/VHDL Assignments/VHDL4/rambod_azimi_half_adder_structural.vhd Line: 14
    Info (12023): Found entity 1: rambod_azimi_half_adder_structural File: P:/VHDL Assignments/VHDL4/rambod_azimi_half_adder_structural.vhd Line: 5
Info (12021): Found 2 design units, including 1 entities, in source file rambod_azimi_rca_structural.vhd
    Info (12022): Found design unit 1: rambod_azimi_rca_structural-rca File: P:/VHDL Assignments/VHDL4/rambod_azimi_rca_structural.vhd Line: 14
    Info (12023): Found entity 1: rambod_azimi_rca_structural File: P:/VHDL Assignments/VHDL4/rambod_azimi_rca_structural.vhd Line: 7
Info (12127): Elaborating entity "rambod_azimi_wrapper" for the top level hierarchy
Info (12128): Elaborating entity "rambod_azimi_seven_segment_decoder" for hierarchy "rambod_azimi_seven_segment_decoder:LED1" File: P:/VHDL Assignments/VHDL4/rambod_azimi_wrapper.vhd Line: 51
Info (12128): Elaborating entity "rambod_azimi_bcd_adder_behavioral" for hierarchy "rambod_azimi_bcd_adder_behavioral:BCD1" File: P:/VHDL Assignments/VHDL4/rambod_azimi_wrapper.vhd Line: 53
Warning (13024): Output pins are stuck at VCC or GND
    Warning (13410): Pin "decoded_AplusB[1]" is stuck at GND File: P:/VHDL Assignments/VHDL4/rambod_azimi_wrapper.vhd Line: 9
    Warning (13410): Pin "decoded_AplusB[2]" is stuck at GND File: P:/VHDL Assignments/VHDL4/rambod_azimi_wrapper.vhd Line: 9
    Warning (13410): Pin "decoded_AplusB[6]" is stuck at VCC File: P:/VHDL Assignments/VHDL4/rambod_azimi_wrapper.vhd Line: 9
Info (286030): Timing-Driven Synthesis is running
Info (16010): Generating hard_block partition "hard_block:auto_generated_inst"
    Info (16011): Adding 0 node(s), including 0 DDIO, 0 PLL, 0 transceiver and 0 LCELL
Info (21057): Implemented 66 device resources after synthesis - the final resource count might be different
    Info (21058): Implemented 8 input pins
    Info (21059): Implemented 28 output pins
    Info (21061): Implemented 30 logic cells
Info: Quartus Prime Analysis & Synthesis was successful. 0 errors, 5 warnings
    Info: Peak virtual memory: 4888 megabytes
    Info: Processing ended: Thu Feb 24 19:21:18 2022
    Info: Elapsed time: 00:00:20
    Info: Total CPU time (on all processors): 00:00:15


